---
source: crates/kb-code-server/src/haml/tests.rs
expression: spans
---
[
    Span {
        byte_start: 0,
        byte_len: 3,
        class: Keyword,
    },
    Span {
        byte_start: 3,
        byte_len: 2,
        class: Constant,
    },
    Span {
        byte_start: 6,
        byte_len: 5,
        class: Type,
    },
    Span {
        byte_start: 14,
        byte_len: 5,
        class: Type,
    },
    Span {
        byte_start: 24,
        byte_len: 6,
        class: Type,
    },
    Span {
        byte_start: 30,
        byte_len: 1,
        class: Operator,
    },
    Span {
        byte_start: 32,
        byte_len: 1,
        class: Function,
    },
    Span {
        byte_start: 33,
        byte_len: 1,
        class: Punctuation,
    },
    Span {
        byte_start: 34,
        byte_len: 13,
        class: String,
    },
    Span {
        byte_start: 47,
        byte_len: 1,
        class: Punctuation,
    },
    Span {
        byte_start: 51,
        byte_len: 5,
        class: Type,
    },
    Span {
        byte_start: 56,
        byte_len: 4,
        class: Attribute,
    },
    Span {
        byte_start: 61,
        byte_len: 5,
        class: Keyword,
    },
    Span {
        byte_start: 68,
        byte_len: 24,
        class: String,
    },
    Span {
        byte_start: 92,
        byte_len: 1,
        class: Punctuation,
    },
    Span {
        byte_start: 94,
        byte_len: 4,
        class: StringSpecial,
    },
    Span {
        byte_start: 100,
        byte_len: 1,
        class: Punctuation,
    },
    Span {
        byte_start: 101,
        byte_len: 10,
        class: StringSpecial,
    },
    Span {
        byte_start: 113,
        byte_len: 5,
        class: String,
    },
    Span {
        byte_start: 118,
        byte_len: 1,
        class: Punctuation,
    },
    Span {
        byte_start: 125,
        byte_len: 5,
        class: Attribute,
    },
    Span {
        byte_start: 130,
        byte_len: 10,
        class: Attribute,
    },
    Span {
        byte_start: 140,
        byte_len: 6,
        class: Attribute,
    },
    Span {
        byte_start: 153,
        byte_len: 1,
        class: Operator,
    },
    Span {
        byte_start: 155,
        byte_len: 2,
        class: Keyword,
    },
    Span {
        byte_start: 158,
        byte_len: 4,
        class: Function,
    },
    Span {
        byte_start: 162,
        byte_len: 1,
        class: Punctuation,
    },
    Span {
        byte_start: 163,
        byte_len: 10,
        class: Function,
    },
    Span {
        byte_start: 182,
        byte_len: 2,
        class: Type,
    },
    Span {
        byte_start: 184,
        byte_len: 8,
        class: Attribute,
    },
    Span {
        byte_start: 200,
        byte_len: 2,
        class: Escape,
    },
    Span {
        byte_start: 202,
        byte_len: 4,
        class: Function,
    },
    Span {
        byte_start: 206,
        byte_len: 1,
        class: Punctuation,
    },
    Span {
        byte_start: 207,
        byte_len: 4,
        class: Function,
    },
    Span {
        byte_start: 211,
        byte_len: 1,
        class: Escape,
    },
    Span {
        byte_start: 220,
        byte_len: 1,
        class: Operator,
    },
    Span {
        byte_start: 222,
        byte_len: 4,
        class: Function,
    },
    Span {
        byte_start: 235,
        byte_len: 2,
        class: Type,
    },
    Span {
        byte_start: 265,
        byte_len: 2,
        class: Type,
    },
    Span {
        byte_start: 268,
        byte_len: 4,
        class: Function,
    },
    Span {
        byte_start: 274,
        byte_len: 10,
        class: Function,
    },
    Span {
        byte_start: 300,
        byte_len: 4,
        class: Attribute,
    },
    Span {
        byte_start: 313,
        byte_len: 1,
        class: Operator,
    },
    Span {
        byte_start: 315,
        byte_len: 5,
        class: Function,
    },
    Span {
        byte_start: 320,
        byte_len: 1,
        class: Punctuation,
    },
    Span {
        byte_start: 321,
        byte_len: 4,
        class: Function,
    },
    Span {
        byte_start: 326,
        byte_len: 2,
        class: Keyword,
    },
    Span {
        byte_start: 330,
        byte_len: 4,
        class: Variable,
    },
    Span {
        byte_start: 346,
        byte_len: 6,
        class: Attribute,
    },
    Span {
        byte_start: 353,
        byte_len: 2,
        class: Function,
    },
    Span {
        byte_start: 357,
        byte_len: 17,
        class: String,
    },
    Span {
        byte_start: 388,
        byte_len: 3,
        class: Type,
    },
    Span {
        byte_start: 391,
        byte_len: 1,
        class: Operator,
    },
    Span {
        byte_start: 393,
        byte_len: 4,
        class: Function,
    },
    Span {
        byte_start: 397,
        byte_len: 1,
        class: Punctuation,
    },
    Span {
        byte_start: 398,
        byte_len: 5,
        class: Function,
    },
    Span {
        byte_start: 416,
        byte_len: 2,
        class: Type,
    },
    Span {
        byte_start: 421,
        byte_len: 2,
        class: Escape,
    },
    Span {
        byte_start: 423,
        byte_len: 4,
        class: Function,
    },
    Span {
        byte_start: 427,
        byte_len: 1,
        class: Punctuation,
    },
    Span {
        byte_start: 428,
        byte_len: 11,
        class: Function,
    },
    Span {
        byte_start: 439,
        byte_len: 1,
        class: Escape,
    },
    Span {
        byte_start: 445,
        byte_len: 11,
        class: Keyword,
    },
    Span {
        byte_start: 490,
        byte_len: 5,
        class: Keyword,
    },
    Span {
        byte_start: 541,
        byte_len: 17,
        class: Comment,
    },
    Span {
        byte_start: 563,
        byte_len: 50,
        class: Comment,
    },
    Span {
        byte_start: 618,
        byte_len: 4,
        class: Type,
    },
]
