---
source: crates/kb-code-server/src/haml/tests.rs
expression: rows
---
[
    Symbol {
        ordinal: 0,
        name: "html",
        kind: "element",
        line_start: 2,
        line_end: 27,
        col_start: 0,
        col_end: 5,
        container: None,
        signature: None,
        doc: None,
        param_min: None,
        param_max: None,
    },
    Symbol {
        ordinal: 1,
        name: "head",
        kind: "element",
        line_start: 3,
        line_end: 4,
        col_start: 2,
        col_end: 7,
        container: Some(
            "html",
        ),
        signature: None,
        doc: None,
        param_min: None,
        param_max: None,
    },
    Symbol {
        ordinal: 2,
        name: "title",
        kind: "element",
        line_start: 4,
        line_end: 4,
        col_start: 4,
        col_end: 28,
        container: Some(
            "head",
        ),
        signature: None,
        doc: None,
        param_min: None,
        param_max: None,
    },
    Symbol {
        ordinal: 3,
        name: "body.app",
        kind: "element",
        line_start: 5,
        line_end: 27,
        col_start: 2,
        col_end: 71,
        container: Some(
            "html",
        ),
        signature: None,
        doc: None,
        param_min: None,
        param_max: None,
    },
    Symbol {
        ordinal: 4,
        name: "div#main.container.fluid",
        kind: "element",
        line_start: 6,
        line_end: 17,
        col_start: 4,
        col_end: 25,
        container: Some(
            "body.app",
        ),
        signature: None,
        doc: None,
        param_min: None,
        param_max: None,
    },
    Symbol {
        ordinal: 5,
        name: "p.welcome",
        kind: "element",
        line_start: 8,
        line_end: 8,
        col_start: 8,
        col_end: 39,
        container: Some(
            "div#main.container.fluid",
        ),
        signature: None,
        doc: None,
        param_min: None,
        param_max: None,
    },
    Symbol {
        ordinal: 6,
        name: "p",
        kind: "element",
        line_start: 10,
        line_end: 12,
        col_start: 8,
        col_end: 10,
        container: Some(
            "div#main.container.fluid",
        ),
        signature: None,
        doc: None,
        param_min: None,
        param_max: None,
    },
    Symbol {
        ordinal: 7,
        name: "a",
        kind: "element",
        line_start: 12,
        line_end: 12,
        col_start: 10,
        col_end: 38,
        container: Some(
            "p",
        ),
        signature: None,
        doc: None,
        param_min: None,
        param_max: None,
    },
    Symbol {
        ordinal: 8,
        name: "div.row",
        kind: "element",
        line_start: 13,
        line_end: 17,
        col_start: 6,
        col_end: 10,
        container: Some(
            "div#main.container.fluid",
        ),
        signature: None,
        doc: None,
        param_min: None,
        param_max: None,
    },
    Symbol {
        ordinal: 9,
        name: "div.col-4",
        kind: "element",
        line_start: 15,
        line_end: 17,
        col_start: 10,
        col_end: 39,
        container: Some(
            "div.row",
        ),
        signature: None,
        doc: None,
        param_min: None,
        param_max: None,
    },
    Symbol {
        ordinal: 10,
        name: "h3",
        kind: "element",
        line_start: 16,
        line_end: 16,
        col_start: 12,
        col_end: 27,
        container: Some(
            "div.col-4",
        ),
        signature: None,
        doc: None,
        param_min: None,
        param_max: None,
    },
    Symbol {
        ordinal: 11,
        name: "p",
        kind: "element",
        line_start: 17,
        line_end: 17,
        col_start: 12,
        col_end: 36,
        container: Some(
            "div.col-4",
        ),
        signature: None,
        doc: None,
        param_min: None,
        param_max: None,
    },
    Symbol {
        ordinal: 12,
        name: "javascript",
        kind: "filter",
        line_start: 18,
        line_end: 19,
        col_start: 4,
        col_end: 15,
        container: Some(
            "body.app",
        ),
        signature: None,
        doc: None,
        param_min: None,
        param_max: None,
    },
    Symbol {
        ordinal: 13,
        name: "ruby",
        kind: "filter",
        line_start: 20,
        line_end: 21,
        col_start: 4,
        col_end: 9,
        container: Some(
            "body.app",
        ),
        signature: None,
        doc: None,
        param_min: None,
        param_max: None,
    },
    Symbol {
        ordinal: 14,
        name: "pre",
        kind: "element",
        line_start: 25,
        line_end: 27,
        col_start: 4,
        col_end: 8,
        container: Some(
            "body.app",
        ),
        signature: None,
        doc: None,
        param_min: None,
        param_max: None,
    },
]
