---
source: crates/kb-code-server/src/doclens/mod.rs
expression: "TOKEN_STOPLIST.join(\"\\n\")"
---
class
module
self
nil
null
none
true
false
return
yield
then
else
elsif
when
case
each
func
void
this
super
const
static
async
await
catch
throw
raise
begin
ensure
import
export
require
include
extend
public
private
protected
file
files
line
lines
path
paths
code
name
names
type
types
value
values
data
index
order
list
item
items
params
param
args
string
integer
array
hash
object
method
function
field
fields
error
errors
result
results
status
request
response
config
options
token
user
query
test
tests
spec
specs
view
views
model
models
service
services
controller
controllers
component
components
helper
helpers
concern
concerns
app
lib
src
bin
doc
docs
anche
questo
questa
questi
queste
quindi
quando
quello
quella
viene
vengono
essere
della
dello
delle
degli
nella
nello
nelle
sono
come
solo
tutti
tutte
dove
perche
senza
dopo
prima
ogni
oggi
stesso
stessa
ancora
invece
mentre
that
this
with
from
into
only
also
must
need
have
been
when
where
which
while
should
would
could
after
before
here
there
them
they
what
than
then
some
same
more
